Mode: 1H VALIDATION
Loaded 297840 bars across 17 symbols
LOADED QUANTUM FORTRESS: ['15m', '1h', '4h']
Calculating timeframe-aligned model caches...
Loaded 15 15m symbols for alignment.
Loaded 17 4h symbols for alignment.
Market-Aware Fortress cache warmed for 17 symbols.

============================================================
  BASELINE RESULTS (1H)
============================================================
score:              0.779633
sharpe:             0.779633
total_return_pct:   16.814373
max_drawdown_pct:   9.743072
num_trades:         14102
win_rate_pct:       100.000000
profit_factor:      400258800381732.250000
annual_turnover:    2268998.49
backtest_seconds:   216.9
total_seconds:      396.5

============================================================
  BENCHMARK AUDIT
============================================================
trades_per_day:             19.318911
trades_per_day_per_symbol:  1.136407
Sharpe                     0.779633   target >= 3.500    FAIL
Win Rate %               100.000000   target >= 60.000   PASS
Trades/Day/Symbol          1.136407   target >= 1.000    PASS
Profit Factor            400258800381732.250000   target >= 4.000    PASS
Max Drawdown %             9.743072   target < 10.000   PASS

Logged to results.tsv as exp81
